
> campussync@0.1.0 build
> next build

  Γû▓ Next.js 14.2.35
  - Environments: .env

   Creating an optimized production build ...
 Γ£ô Compiled successfully
   Linting and checking validity of types ...
   Collecting page data ...
   Generating static pages (0/68) ...
node.exe : FACULTY_EXAMS_GET_ERROR: n 
[Error]: Dynamic server usage: Route 
/api/faculty/exams couldn't be 
rendered statically because it used 
`headers`. See more info here: https://
nextjs.org/docs/messages/dynamic-server
-error
At C:\Program Files\nodejs\npm.ps1:29 
char:3
+   & $NODE_EXE $NPM_CLI_JS $args
+   ~~~~~~~~~~~~~~~~~~~~~~~~~~~~~
    + CategoryInfo          : NotSpeci 
   fied: (FACULTY_EXAMS_G...ic-server  
  -error:String) [], RemoteException
    + FullyQualifiedErrorId : NativeCo 
   mmandError
 
    at l (C:\Users\VANSH\Desktop\Campus
Sync\.next\server\chunks\9276.js:1:3722
0)
    at d (C:\Users\VANSH\Desktop\Campus
Sync\.next\server\chunks\2857.js:25:265
95)
    at s (C:\Users\VANSH\Desktop\Campus
Sync\.next\server\chunks\2857.js:25:195
84)
    at d (C:\Users\VANSH\Desktop\Campus
Sync\.next\server\app\api\faculty\exams
\route.js:1:1258)
    at C:\Users\VANSH\Desktop\CampusSyn
c\node_modules\next\dist\compiled\next-
server\app-route.runtime.prod.js:6:3841
7
    at C:\Users\VANSH\Desktop\CampusSyn
c\node_modules\next\dist\server\lib\tra
ce\tracer.js:140:36
    at NoopContextManager.with (C:\User
s\VANSH\Desktop\CampusSync\node_modules
\next\dist\compiled\@opentelemetry\api\
index.js:1:7062)
    at ContextAPI.with (C:\Users\VANSH\
Desktop\CampusSync\node_modules\next\di
st\compiled\@opentelemetry\api\index.js
:1:518)
    at NoopTracer.startActiveSpan (C:\U
sers\VANSH\Desktop\CampusSync\node_modu
les\next\dist\compiled\@opentelemetry\a
pi\index.js:1:18093)
    at ProxyTracer.startActiveSpan (C:\
Users\VANSH\Desktop\CampusSync\node_mod
ules\next\dist\compiled\@opentelemetry\
api\index.js:1:18854) {
  description: "Route 
/api/faculty/exams couldn't be 
rendered statically because it used 
`headers`. See more info here: https://
nextjs.org/docs/messages/dynamic-server
-error",
  digest: 'DYNAMIC_SERVER_USAGE'
}
DATESHEET_SUBJECTS_GET_ERROR: n 
[Error]: Dynamic server usage: Route 
/api/admin/exams/datesheet/subjects 
couldn't be rendered statically 
because it used `headers`. See more 
info here: https://nextjs.org/docs/mess
ages/dynamic-server-error
    at l (C:\Users\VANSH\Desktop\Campus
Sync\.next\server\chunks\9276.js:1:3722
0)
    at d (C:\Users\VANSH\Desktop\Campus
Sync\.next\server\chunks\2857.js:25:265
95)
    at s (C:\Users\VANSH\Desktop\Campus
Sync\.next\server\chunks\2857.js:25:195
84)
    at d (C:\Users\VANSH\Desktop\Campus
Sync\.next\server\app\api\admin\exams\d
atesheet\subjects\route.js:1:1259)
    at C:\Users\VANSH\Desktop\CampusSyn
c\node_modules\next\dist\compiled\next-
server\app-route.runtime.prod.js:6:3841
7
    at C:\Users\VANSH\Desktop\CampusSyn
c\node_modules\next\dist\server\lib\tra
ce\tracer.js:140:36
    at NoopContextManager.with (C:\User
s\VANSH\Desktop\CampusSync\node_modules
\next\dist\compiled\@opentelemetry\api\
index.js:1:7062)
    at ContextAPI.with (C:\Users\VANSH\
Desktop\CampusSync\node_modules\next\di
st\compiled\@opentelemetry\api\index.js
:1:518)
    at NoopTracer.startActiveSpan (C:\U
sers\VANSH\Desktop\CampusSync\node_modu
les\next\dist\compiled\@opentelemetry\a
pi\index.js:1:18093)
    at ProxyTracer.startActiveSpan (C:\
Users\VANSH\Desktop\CampusSync\node_mod
ules\next\dist\compiled\@opentelemetry\
api\index.js:1:18854) {
  description: "Route 
/api/admin/exams/datesheet/subjects 
couldn't be rendered statically 
because it used `headers`. See more 
info here: https://nextjs.org/docs/mess
ages/dynamic-server-error",
  digest: 'DYNAMIC_SERVER_USAGE'
}
   Generating static pages (17/68) 
   Generating static pages (34/68) 
EXAMS_GET_ERROR: n [Error]: Dynamic 
server usage: Route /api/student/exams 
couldn't be rendered statically 
because it used `headers`. See more 
info here: https://nextjs.org/docs/mess
ages/dynamic-server-error
    at l (C:\Users\VANSH\Desktop\Campus
Sync\.next\server\chunks\9276.js:1:3722
0)
    at d (C:\Users\VANSH\Desktop\Campus
Sync\.next\server\chunks\2857.js:25:265
95)
    at s (C:\Users\VANSH\Desktop\Campus
Sync\.next\server\chunks\2857.js:25:195
84)
    at c (C:\Users\VANSH\Desktop\Campus
Sync\.next\server\app\api\student\exams
\route.js:1:1258)
    at C:\Users\VANSH\Desktop\CampusSyn
c\node_modules\next\dist\compiled\next-
server\app-route.runtime.prod.js:6:3841
7
    at C:\Users\VANSH\Desktop\CampusSyn
c\node_modules\next\dist\server\lib\tra
ce\tracer.js:140:36
    at NoopContextManager.with (C:\User
s\VANSH\Desktop\CampusSync\node_modules
\next\dist\compiled\@opentelemetry\api\
index.js:1:7062)
    at ContextAPI.with (C:\Users\VANSH\
Desktop\CampusSync\node_modules\next\di
st\compiled\@opentelemetry\api\index.js
:1:518)
    at NoopTracer.startActiveSpan (C:\U
sers\VANSH\Desktop\CampusSync\node_modu
les\next\dist\compiled\@opentelemetry\a
pi\index.js:1:18093)
    at ProxyTracer.startActiveSpan (C:\
Users\VANSH\Desktop\CampusSync\node_mod
ules\next\dist\compiled\@opentelemetry\
api\index.js:1:18854) {
  description: "Route 
/api/student/exams couldn't be 
rendered statically because it used 
`headers`. See more info here: https://
nextjs.org/docs/messages/dynamic-server
-error",
  digest: 'DYNAMIC_SERVER_USAGE'
}
   Generating static pages (51/68) 
 Γ£ô Generating static pages (68/68)
   Finalizing page optimization ...
   Collecting build traces ...

Route (app)                              Size     First Load JS
Γöî Γùï /                                    6.9 kB          121 kB
Γö£ Γùï /_not-found                          880 B            89 kB
Γö£ Γùï /admin                               363 B          88.5 kB
Γö£ Γùï /admin/dashboard                     3.22 kB         117 kB
Γö£ Γùï /admin/exams                         15.9 kB         192 kB
Γö£ Γùï /admin/faculty                       2.82 kB         107 kB
Γö£ Γùï /admin/faculty/leaves                4.89 kB         109 kB
Γö£ Γùï /admin/internships                   6.01 kB         130 kB
Γö£ Γùï /admin/mentors                       5.08 kB         100 kB
Γö£ Γùï /admin/signup                        4.9 kB          118 kB
Γö£ Γùï /admin/students                      4.01 kB         108 kB
Γö£ Γùï /admin/syllabus                      8.32 kB         132 kB
Γö£ Γùï /admin/timetable                     17.4 kB         145 kB
Γö£ ╞Æ /api/admin/broadcast                 0 B                0 B
Γö£ ╞Æ /api/admin/broadcast/acknowledge     0 B                0 B
Γö£ ╞Æ /api/admin/exams                     0 B                0 B
Γö£ ╞Æ /api/admin/exams/[id]                0 B                0 B
Γö£ ╞Æ /api/admin/exams/allocate-seats      0 B                0 B
Γö£ ╞Æ /api/admin/exams/bulk-upload         0 B                0 B
Γö£ ╞Æ /api/admin/exams/datesheet/save      0 B                0 B
Γö£ ╞Æ /api/admin/exams/datesheet/subjects  0 B                0 B
Γö£ ╞Æ /api/admin/mentors/assignments       0 B                0 B
Γö£ ╞Æ /api/admin/resources                 0 B                0 B
Γö£ ╞Æ /api/admin/sections                  0 B                0 B
Γö£ ╞Æ /api/admin/sections/list             0 B                0 B
Γö£ ╞Æ /api/admin/signup                    0 B                0 B
Γö£ ╞Æ /api/admin/students/list             0 B                0 B
Γö£ ╞Æ /api/admin/syllabus                  0 B                0 B
Γö£ ╞Æ /api/admin/syllabus/assign           0 B                0 B
Γö£ ╞Æ /api/admin/syllabus/metadata         0 B                0 B
Γö£ ╞Æ /api/admin/timetable                 0 B                0 B
Γö£ ╞Æ /api/attendance/mark                 0 B                0 B
Γö£ ╞Æ /api/attendance/student              0 B                0 B
Γö£ ╞Æ /api/auth/[...nextauth]              0 B                0 B
Γö£ ╞Æ /api/auth/signup/admin               0 B                0 B
Γö£ ╞Æ /api/auth/signup/faculty             0 B                0 B
Γö£ ╞Æ /api/auth/signup/student             0 B                0 B
Γö£ ╞Æ /api/bookings                        0 B                0 B
Γö£ ╞Æ /api/bookings/[id]                   0 B                0 B
Γö£ ╞Æ /api/debug-session                   0 B                0 B
Γö£ ╞Æ /api/faculty/exams                   0 B                0 B
Γö£ ╞Æ /api/faculty/grades/deploy           0 B                0 B
Γö£ ╞Æ /api/faculty/leave                   0 B                0 B
Γö£ ╞Æ /api/faculty/list                    0 B                0 B
Γö£ ╞Æ /api/faculty/mentored-sections       0 B                0 B
Γö£ ╞Æ /api/faculty/profile                 0 B                0 B
Γö£ ╞Æ /api/faculty/status                  0 B                0 B
Γö£ ╞Æ /api/faculty/student-leaves          0 B                0 B
Γö£ ╞Æ /api/faculty/syllabus/courses        0 B                0 B
Γö£ ╞Æ /api/faculty/syllabus/progress       0 B                0 B
Γö£ ╞Æ /api/faculty/syllabus/topics         0 B                0 B
Γö£ ╞Æ /api/messages                        0 B                0 B
Γö£ ╞Æ /api/student/exams                   0 B                0 B
Γö£ ╞Æ /api/student/grades                  0 B                0 B
Γö£ ╞Æ /api/student/leave                   0 B                0 B
Γö£ ╞Æ /api/student/profile/update          0 B                0 B
Γö£ ╞Æ /api/student/syllabus                0 B                0 B
Γö£ ╞Æ /api/students/by-section/[section]   0 B                0 B
Γö£ ╞Æ /api/test-admin                      0 B                0 B
Γö£ ╞Æ /api/test/seed-exams                 0 B                0 B
Γö£ ╞Æ /api/test/seed-grades                0 B                0 B
Γö£ ╞Æ /api/timetable                       0 B                0 B
Γö£ Γùï /auth/admin/login                    6.37 kB         111 kB
Γö£ Γùï /auth/signup/faculty                 6.01 kB         120 kB
Γö£ Γùï /auth/signup/student                 5.14 kB         119 kB
Γö£ Γùï /faculty                             6.38 kB         111 kB
Γö£ Γùï /faculty/attendance                  6.43 kB         179 kB
Γö£ Γùï /faculty/availability                3.99 kB         109 kB
Γö£ Γùï /faculty/bookings                    7.65 kB         103 kB
Γö£ Γùï /faculty/exams                       3.05 kB         108 kB
Γö£ Γùï /faculty/grades                      12.6 kB         127 kB
Γö£ Γùï /faculty/leave                       6.27 kB         125 kB
Γö£ Γùï /faculty/menu                        3.83 kB         139 kB
Γö£ Γùï /faculty/profile                     5.71 kB         119 kB
Γö£ Γùï /faculty/student-leaves              4.74 kB         109 kB
Γö£ Γùï /faculty/syllabus                    6.54 kB         134 kB
Γö£ Γùï /home                                10.6 kB         124 kB
Γö£ Γùï /student                             3.83 kB         118 kB
Γö£ Γùï /student/achievements                9.04 kB         156 kB
Γö£ Γùï /student/applications                5.31 kB         109 kB
Γö£ Γùï /student/attendance                  7.42 kB         122 kB
Γö£ Γùï /student/classes                     4.11 kB         109 kB
Γö£ Γùï /student/exams                       5.85 kB         150 kB
Γö£ Γùï /student/faculty                     14.9 kB         123 kB
Γö£ ╞Æ /student/faculty/[id]                7.06 kB         111 kB
Γö£ ╞Æ /student/faculty/[id]/book           7.16 kB         131 kB
Γö£ Γùï /student/faculty/bookings            9.12 kB         117 kB
Γö£ Γùï /student/grades                      6.12 kB         297 kB
Γö£ Γùï /student/internships                 12.7 kB         146 kB
Γö£ ╞Æ /student/internships/[id]            5.78 kB         109 kB
Γö£ Γùï /student/map                         3.53 kB         130 kB
Γö£ Γùï /student/menu                        4.08 kB         140 kB
Γö£ Γùï /student/profile                     4.47 kB         109 kB
Γö£ Γùï /student/research                    7.79 kB         107 kB
Γö£ Γùï /student/resume                      5.49 kB         100 kB
Γöö Γùï /student/syllabus                    11.5 kB         244 kB
+ First Load JS shared by all            88.2 kB
  Γö£ chunks/2117-740e93c1478fd54e.js      31.9 kB
  Γö£ chunks/fd9d1056-963fcafffd1beda3.js  53.6 kB
  Γöö other shared chunks (total)          2.62 kB


Γùï  (Static)   prerendered as static content
╞Æ  (Dynamic)  server-rendered on demand

